// Jest Snapshot v1, https://goo.gl/fbAQLP

exports[`UserPage component renders by default 1`] = `
<div
  className="user-page"
>
  <div
    className="user-search-wrapper"
  >
    <h3>
      Search Users By Name:
    </h3>
    <div
      className="search-container"
    >
      <form>
        <input
          id="searchInput"
          name="search"
          onChange={[Function]}
          placeholder="Search.."
          type="text"
        />
        <button
          onClick={[Function]}
          type="clear"
        >
          Clear
        </button>
      </form>
    </div>
  </div>
  <h2>
    List of Users
  </h2>
  <div
    className="table-container"
  >
    <table
      className="table"
    >
      <thead>
        <tr>
          <th>
            Name
          </th>
          <th>
            Email
          </th>
          <th>
            City
          </th>
          <th>
            Company
          </th>
        </tr>
      </thead>
      <tbody />
    </table>
  </div>
</div>
`;
